// Jest Snapshot v1, https://goo.gl/fbAQLP

exports[`When user click on a button and modal should be displaying should render a Modal 1`] = `
<div
  className="sc-bdvvtL hHqvno"
  onClick={[Function]}
>
  <div
    style={
      Object {
        "opacity": 1,
        "transform": " translateY(0%)",
      }
    }
  >
    <div
      className="sc-gsDKAQ ffaVUP"
    >
      <div
        className="sc-dkPtRN eqLDxY"
      >
        <h1>
          This is my fake title
        </h1>
        <p>
          This is my fake description
        </p>
      </div>
      <button
        aria-label="Close modal"
        className="sc-hKwDye dGJcOU"
        onClick={[Function]}
      >
        X
      </button>
    </div>
  </div>
</div>
`;

exports[`When user click on a button but we don't want to display the modal should not render a Modal 1`] = `
<div
  className="sc-bdvvtL hHqvno"
  onClick={[Function]}
>
  <div
    style={
      Object {
        "opacity": 1,
        "transform": " translateY(0%)",
      }
    }
  >
    <div
      className="sc-gsDKAQ ffaVUP"
    >
      <div
        className="sc-dkPtRN eqLDxY"
      >
        <h1>
          This is my fake title
        </h1>
        <p>
          This is my fake description
        </p>
      </div>
      <button
        aria-label="Close modal"
        className="sc-hKwDye dGJcOU"
        onClick={[Function]}
      >
        X
      </button>
    </div>
  </div>
</div>
`;
